<html>
<body>
<pre>
<h1>µVision Build Log</h1>
<h2>Project:</h2>
D:\Studia\S3\PN\ARM\cw_03\ARM.uvproj
Project File Date:  11/10/2020

<h2>Output:</h2>
Build target 'Target 1'
assembling arm_skeleton.s...
arm_skeleton.s(13): error: A1516E: Bad symbol 'delay_in_ms', not defined or external
".\ARM.axf" - 1 Errors, 0 Warning(s).
Target not created
Build target 'Target 1'
assembling arm_skeleton.s...
arm_skeleton.s(13): error: A1516E: Bad symbol 'delay_in_ms', not defined or external
".\ARM.axf" - 1 Errors, 0 Warning(s).
Target not created
Build target 'Target 1'
assembling arm_skeleton.s...
arm_skeleton.s(13): error: A1516E: Bad symbol 'delay_in_ms', not defined or external
".\ARM.axf" - 1 Errors, 0 Warning(s).
Target not created
Build target 'Target 1'
assembling arm_skeleton.s...
arm_skeleton.s(13): error: A1516E: Bad symbol 'delay_in_ms', not defined or external
".\ARM.axf" - 1 Errors, 0 Warning(s).
Target not created
Build target 'Target 1'
assembling arm_skeleton.s...
arm_skeleton.s(28): warning: A1447W: Missing END directive at end of file, but found a label named END
linking...
.\ARM.sct(8): warning: L6314W: No section matches pattern *(InRoot$$Sections).
Program Size: Code=304 RO-data=0 RW-data=0 ZI-data=1160  
FromELF: creating hex file...
".\ARM.axf" - 0 Errors, 2 Warning(s).
