<html>
<body>
<pre>
<h1>µVision Build Log</h1>
<h2>Project:</h2>
D:\Studia\S3\PN\ARM\cw_02\ARM.uvproj
Project File Date:  11/10/2020

<h2>Output:</h2>
Build target 'Target 1'
assembling arm_skeleton.s...
arm_skeleton.s(14): error: A1477E: This register combination results in UNPREDICTABLE behaviour
".\ARM.axf" - 1 Errors, 0 Warning(s).
Target not created
Build target 'Target 1'
assembling arm_skeleton.s...
arm_skeleton.s(14): error: A1477E: This register combination results in UNPREDICTABLE behaviour
".\ARM.axf" - 1 Errors, 0 Warning(s).
Target not created
Build target 'Target 1'
assembling arm_skeleton.s...
arm_skeleton.s(14): error: A1477E: This register combination results in UNPREDICTABLE behaviour
".\ARM.axf" - 1 Errors, 0 Warning(s).
Target not created
Build target 'Target 1'
assembling arm_skeleton.s...
linking...
.\ARM.sct(8): warning: L6314W: No section matches pattern *(InRoot$$Sections).
Program Size: Code=304 RO-data=0 RW-data=0 ZI-data=1160  
FromELF: creating hex file...
".\ARM.axf" - 0 Errors, 1 Warning(s).
Build target 'Target 1'
assembling arm_skeleton.s...
linking...
.\ARM.sct(8): warning: L6314W: No section matches pattern *(InRoot$$Sections).
Program Size: Code=304 RO-data=0 RW-data=0 ZI-data=1160  
FromELF: creating hex file...
".\ARM.axf" - 0 Errors, 1 Warning(s).
